<!DOCTYPE html PUBLIC "-//W3C//DTD XHTML 1.0 Transitional//EN" "http://www.w3.org/TR/xhtml1/DTD/xhtml1-transitional.dtd">
<html xmlns="http://www.w3.org/1999/xhtml" lang="en" xml:lang="en">
<head><meta http-equiv="Content-Type" content="text/html; charset=utf-8" />
  <meta charset="utf-8" />
  <meta name="generator" content="pandoc" />
  <meta name="viewport" content="width=device-width, initial-scale=1.0, user-scalable=yes" />
  <meta name="keywords" content="Entangled Religions, religious contact, Markdown, OES" />
  <title>Horrordatei zum Testen vom neuen Textsatz</title>
  <style>
    code{white-space: pre-wrap;}
    span.smallcaps{font-variant: small-caps;}
    span.underline{text-decoration: underline;}
    div.column{display: inline-block; vertical-align: top; width: 50%;}
    div.hanging-indent{margin-left: 1.5em; text-indent: -1.5em;}
    ul.task-list{list-style: none;}
  </style>
  <link rel="stylesheet" href="https://er.ceres.rub.de/public/journals/2/styleSheet.css" />
  <!--[if lt IE 9]>
    <script src="//cdnjs.cloudflare.com/ajax/libs/html5shiv/3.7.3/html5shiv-printshiv.min.js"></script>
  <![endif]-->
</head>
<body>
<article class="fulltext">
<header id="title-block">
<div class="logo">
<a href="https://er.ceres.rub.de/"><img src="https://static.ceres.rub.de/er/images/Logo_ER.svg" /></a>
</div>
<div class="smallprint">
<div class="license-badge">
<a href="http://creativecommons.org/licenses/by/4.0/" target="_blank"><img src="https://static.ceres.rub.de/er/images/cc-by.svg" /></a>
</div>
<div class="meta">
<span class="license">License: <a href="http://creativecommons.org/licenses/by/4.0/" rel="license">Creative Commons Attribution 4.0</a></span>
<span class="doi">DOI: <a href="https://doi.org/http://doi.org./10.13154/volume.year.author_shorttitle">http://doi.org./10.13154/volume.year.author_shorttitle</a></span>
</div>
<div class="journal">
<span class="issue"><span class="journal">Entangled Religions</span> <span class="volume">9</span> (<span class="year">2019</span>)</span>
<span class="journal-link"><a href="https://er.ceres.rub.de/">er.ceres.rub.de</a></span>
</div>
</div>
</header>
<hgroup>
<h1 class="title">Horrordatei zum Testen vom neuen Textsatz</h1>
<h2 class="subtitle">Untertitel zur Horrordatei</h2>
</hgroup>
<p class="author">
Julia Reiker
<span class="affiliation">Centrum für Religionswissenschaftliche Studien, Ruhr-Universität Bochum</span>
</p>
<div class="abstract">
<p>Lorem ipsum dolor sit amet, consetetur sadipscing elitr, sed diam nonumy eirmod tempor invidunt ut labore et dolore magna aliquyam erat, sed diam voluptua. At vero eos et accusam et justo duo dolores et ea rebum. Stet clita kasd gubergren, no sea takimata sanctus est Lorem ipsum dolor sit amet. Lorem ipsum dolor sit amet, consetetur sadipscing elitr, sed diam nonumy eirmod tempor invidunt ut labore et dolore magna aliquyam erat, sed diam voluptua. At vero eos et accusam et justo duo dolores et ea rebum. Stet clita kasd gubergren, no sea takimata sanctus est Lorem ipsum dolor sit amet.</p>
</div>
<div class="keywords">
<p>Entangled Religions, religious contact, Markdown, OES</p>
</div>
<section id="beispiel-für-andere-sprachen" class="level1">
<h1>Beispiel für andere Sprachen</h1>
<div lang="he" xml:lang="he">

<p class="parnum"><a href="#p1">1</a></p>

<p id="p1"><span lang="en" xml:lang="en">[I]</span>(11) … ותען חנה ות[אמר]. (12) וגואב דאד חנה וגופת נא סייד זני סכת ג͘אן הום מן ונביד ומוסכיר (13) נא הינגיסתום והמי ריזום תהלי גאן מרא פא פישי י’י. ותען חנה. תא (14) תא גואב [דאדי]ש חנה צון ש[ניד] אין רא וגופתיש לא אדני. בֿ ציז (15) גופתיש. יכי גופת נא נא אי סייד נא נא הום מסת. דויום המי כואהום (16) שאדי כי [היסת?] ישראלן רא וליכין אשה קשת רוח אנכי. סכת (17) תהליהא וגמי [היסת] פא דילי מן וכוד יין ˺ושכר ק˹ לא שתיתי. וצון חנה (18) גופת כוישתן רא קשת רוח אנכי. המצונין גלותיאן רא גופת כי (19) כאשה עזובה ועצובת רוח קראך י’י ואשת נעורים. כי תמאס אמר (20) אלהיך. וצון כי חנה רא שאד כרד י’י המצונין שאד כונד י’י אין (21) גלותיאן רא: <sup>צ͘ה͘ג͘ ובני ציון גילו ושמחו וג</sup>͘ ואשפוך את נפשי לפני י’י. גופת כי המי ריזום תהלי (22) גאן מן רא פישי י’י תא מוראדי מן בידהד. המצונין אין גלות[י]אן (23) המי גוינד אשפוך לפניו שיחי צרתי לפניו וג: אלה אזכרה ואש[פכ]ה (24) עלי נפשי כי אעבור וג:</p>
</div>

<p class="parnum"><a href="#p2">2</a></p>

<p id="p2"><span lang="he" xml:lang="he">אלי נאיר צהרי ענדי דינ’ ואחד</span> (<em>ʾly nʾyr ṣhri ʿndi dyn’ wʾḥd</em>), “I owe my brother-in-law Nāyar one dinar” (TS 20.137, line 2.6). The term <em>ṣihr</em> refers to in-law in general, and may be either father-in-law, brother-in-law or son-in-law. In the case of Aśu, an in-law through matrimonial alliance to her could only be her brother, for <em>nāyar</em>s follow a matrilineal system, where the brother is of more significance to the woman’s kinship relations than the father (Gough 1961, 352-4).</p>

<p class="parnum"><a href="#p3">3</a></p>

<p id="p3">This is concurrent with the majority of Peshitta manuscripts to this verse: “<span lang="syr" xml:lang="syr">ܡܫܚܐ ܕܪ̈ܫܝܥܐ ܠܪܝܫܝ ܠܐ ܢܕܗܢ</span>”, “<em>mšḥa d’ryš</em>‛<em>a lryšy la ndhn</em>” (“oil of the wicked will not anoint my head”), and is in line with the Septuagint’s reading of the verse, too (Carbajosa 2008, 263).</p>
<div lang="ar" xml:lang="ar">

<p class="parnum"><a href="#p4">4</a></p>

<p id="p4">(3) … ثم قالوا <strong>كي ايل ديعو[ث]</strong> (4) <strong>יי’</strong> وفيه قولان الواحد … والاخر ان الله عارف الخفيات عن الناس فمن تعاطا الكلام (6) عليها فقد تكلم بما ينكره الله عليه وفي مثل ذلك قال داود عليه السلم (7) <strong>ولوا هلاختي بغذولوث وبنيفلاوث مماني</strong></p>
</div>

<p class="parnum"><a href="#p5">5</a></p>

<p id="p5">This manuscript is most likely one of the oldest Karaite manuscripts written in Arabic characters. For its description, see Margoliouth 1899, 207-208; Hoerning 1889, 45-60. For studies concerning Karaite manuscripts of the Bible in Arabic characters, see Hoerning 1889, Khan 1990. For the importance of the manuscripts of Yefet b. ʿEli’s commentaries written in Arabic characters, see Ben-Shammai 1976.</p>

<p class="parnum"><a href="#p6">6</a></p>

<p id="p6">Beispiel für eine Aufzählung:</p>
<ol>
<li>
<p class="parnum"><a href="#p7">7</a></p>

<p id="p7">Opening / Introduction (§1–2)</p></li>
<li>
<p class="parnum"><a href="#p8">8</a></p>

<p id="p8">Accusation and testimonies from the Old Testament (§3–16)</p>

<p class="parnum"><a href="#p9">9</a></p>

<ol id="p9">
<li>Moses and the tent (§6–8)</li>
<li>Solomon and the first temple (§9)</li>
<li>Ezechiel and his vision (§10–13)</li>
<li>Summary of passages from the Old Testament used for the defense of images (§14–16)</li>
</ol></li>
<li>
<p class="parnum"><a href="#p10">10</a></p>

<p id="p10">The New Testament (§17–20)</p>

<p class="parnum"><a href="#p11">11</a></p>

<ol id="p11">
<li>Paul in Athens (§17–20)</li>
</ol></li>
<li>
<p class="parnum"><a href="#p12">12</a></p>

<p id="p12">Church fathers (§21–37)</p>

<p class="parnum"><a href="#p13">13</a></p>

<ol id="p13">
<li>John of Constantinople (§21–23) (John Chrysostom)</li>
<li>Image of Christ in Edessa (§24)</li>
<li>Bishop Severianos (§25–26)</li>
<li>Gregory the Illuminator (§27–29)</li>
<li>Accusation of the opponents of images (§30–32)</li>
<li>Eusebios’ Church History (§33–37)</li>
</ol></li>
<li>
<p class="parnum"><a href="#p14">14</a></p>

<p id="p14">Accusations and comparisons (heathen Deities) (§38–43)</p>

<p class="parnum"><a href="#p15">15</a></p>

<ol id="p15">
<li>Aramazd (§38–40)</li>
<li>Anahit (§41–42)</li>
<li>Astłik and Aphrodite (§43)</li>
</ol></li>
<li>
<p class="parnum"><a href="#p16">16</a></p>

<p id="p16">Other comparisons / materiality (§44–51)</p>

<p class="parnum"><a href="#p17">17</a></p>

<ol id="p17">
<li>Pigment + writing/images (§44–45)</li>
<li>The power of material objects (§46–48)</li>
<li>Painted book-cases and their symbolic meaning (§49)</li>
<li>Christ on a donkey as an example of representation (§50)</li>
<li>Summary (§51)</li>
</ol></li>
<li>
<p class="parnum"><a href="#p18">18</a></p>

<p id="p18">Differences between Christian and heathen images (§52–66)</p>

<p class="parnum"><a href="#p19">19</a></p>

<ol id="p19">
<li>Problem of representation (§57–58)</li>
<li>The Armenian king Pap and the (Greek) tradition of images in churches (§59); concrete persons opposed to the use/veneration of images in churches</li>
<li>Testimonies from the Old and New Testament (§60–61)</li>
<li>Purity, pigment (matter), writing and images (§62–64)</li>
<li>Paul and Timotheus/remembrance (§65–66)</li>
</ol></li>
<li>
<p class="parnum"><a href="#p20">20</a></p>

<p id="p20">End (quotes, accusation, prayer) (§67–70)</p></li>
</ol>
</section>
<section id="beispiel-für-eine-tabelle" class="level1">
<h1>Beispiel für eine Tabelle</h1>

<p class="parnum"><a href="#p21">21</a></p>

<p id="p21">Für die Aufstellung siehe Tabelle <a href="#tbl:tab1">1</a>.</p>
<div id="tbl:tab1" class="tablenos">
<table>
<caption><span>Table 1:</span> A test table </caption>
<colgroup>
<col style="width: 20%" />
<col style="width: 15%" />
<col style="width: 15%" />
<col style="width: 50%" />
</colgroup>
<thead>
<tr class="header">
<th><span class="smallcaps">Auspicious Statue/deities</span></th>
<th><span class="smallcaps">Moved from</span></th>
<th><span class="smallcaps">Moved to/resides in</span></th>
<th><span class="smallcaps">Sources/remarks</span></th>
</tr>
</thead>
<tbody>
<tr class="odd">
<td><em>Śākyamuni Buddha</em></td>
<td></td>
<td></td>
<td></td>
</tr>
<tr class="even">
<td><p>釋迦牟尼佛</p>
<p>Śākyamuni Buddha</p></td>
<td><p>靈鷲山</p>
<p>Gṛdhrakūṭa-parvata “Vulture Peak”</p></td>
<td><p>牛頭山</p>
<p>Oxhead Mountain</p></td>
<td><p>S.2113v1-2: 釋迦牟尼佛從靈鷲山向牛頭山說法來 Śākyamuni Buddha came from Gṛdhrakūṭa-parvata to Oxhead Mountain <em>in order to proclaim the Dharma</em>.</p>
<p>D-MG 231 (south): right:此牛頭山像從耆山履left:空而來</p>
<p>[Oxhead Mountain Tableaux in Dūnhuáng: D-MG 9, 340, 454; YL 33]</p></td>
</tr>
<tr class="odd">
<td><p>此像 (S.2114, P.3033)</p>
<p>“This statue”</p>
<p>憍賞彌國佛 (P.3352)</p>
<p>“The Buddha of the Country of Kauśāmbi”</p></td>
<td><p>憍賞彌國</p>
<p>Country of Kauśāmbi</p></td>
<td><p>于闐東媲摩城 (S.2114, P.3033)</p>
<p>Phema* east of Khotan</p>
<p>于闐 (P.3352)</p>
<p>Khotan</p></td>
<td><p>S.2113v11-12: 此像從憍賞彌國飛往于闐東媲摩城今見在 Thus statue flew from the country of Kauśāmbi to city of Phema in the east of Khotan <em>where it is present today</em></p>
<p>P.3033v8-9: 此像從憍賞彌國飛往于闐東媲摩城中今見在殊靈瑞</p>
<p>P.3352r9: 憍賞彌國佛來往[=住]于闐</p>
<p>S.5659r9: 憍賞彌國佛來住于闐國</p>
<p>D-MG 231 (south): right: 于闐媲摩城中琱檀瑞像</p>
<p>D-MG 76</p></td>
</tr>
<tr class="even">
<td>釋迦牟尼佛真容白檀身 The White sandal wood image created face-to-face with (lit. “true countenance”) Śākyamuni Buddha</td>
<td><p>國王舍城</p>
<p>Rājagṛha</p></td>
<td><p>于闐海眼寺</p>
<p>Ocean Eye Monastery of Khotan</p></td>
<td><p>S.2113v16-17: 釋迦牟尼佛真容白檀身從國王舍城騰空而來在于闐海眼寺住[其像手把袈裟] The white sandal statue of the true countenance of Śākyamuni Buddha was soaring through the air from Rājagṛha and settled in the Ocean Eye Monastery of Khotan [<em>the hand of this statue grasps a kāṣāya</em>]</p>
<p>P.3353r2-3: 釋迦牟尼佛真容從國王舍城騰空而來在于闐海眼寺住</p>
<p>S.5659r5-6: 釋迦牟尼佛真容從國王舍城騰空而來在于闐海眼寺住</p>
<p>D-MG 72: 釋迦牟尼佛真容從國王舍城騰空如來在于闐海眼寺住</p>
<p>D-MG 45, 9, etc.</p>
<p>D-MG 231 (east): right:于闐海眼寺釋迦 left:聖容像 (“statue of sagely countenance”)</p>
<p>D-MG 231 (north): right:釋迦牟尼真容從王舍 left:城騰空住海眼寺</p></td>
</tr>
<tr class="odd">
<td><p>釋迦牟尼佛真容白檀香為身</p>
<p>The true countenance of the Buddha Śākyamuni made of white sandalwood (lit. white sandalwood being its body)</p></td>
<td><p>漢國</p>
<p>Country of Hàn</p></td>
<td><p>于闐坎城</p>
<p>Kǎnchéng of Khotan (= Phema?)</p></td>
<td>S.2113v18-19: 釋迦牟尼佛真容白檀香**為身從漢國騰空而來在于闐坎城住[下其像手把袈裟] The true countenance of the Buddha Śākyamuni made of white sandalwood soared through the air form the Country of Hàn and came to settle at Kănchéng [<em>below, the statue’s hand grasps a kāṣāya</em>]</td>
</tr>
<tr class="even">
<td><p>釋迦牟尼佛</p>
<p>Śākyamuni Buddha</p></td>
<td><p>舍衛國</p>
<p>Śrāvasti</p></td>
<td><p>固城</p>
<p>“Old City” [of Khotan]</p></td>
<td><p>S.2113v20: 釋迦牟尼佛從舍衛國</p>
<p>騰空於固城住</p>
<p>[D-MG 231: right:于闐古城瑞像left:?]</p></td>
</tr>
<tr class="odd">
<td><p>釋迦牟尼</p>
<p>Śākyamuni</p></td>
<td><p>舍衛國</p>
<p>Śrāvasti</p></td>
<td><p>于闐國城</p>
<p>City of Khotan</p></td>
<td><p>S.2113v31-32: 釋迦牟尼亦從舍衛國</p>
<p>騰空同來在于闐國城住[手把袈裟] Śākyamuni also soared through the air from Śrāvasti and came to settle in City of Khotan [<em>the hand grasps a kāṣāya</em>]</p>
<p>D-MG 72 (caption nearly identically)</p></td>
</tr>
<tr class="even">
<td><p>徽波陀佛</p>
<p>(not identified Buddha)</p></td>
<td><p>舍衛國</p>
<p>Śrāvasti</p></td>
<td><p>于闐城</p>
<p>City of Khotan</p></td>
<td><p>S.2113v32-34: 徽波陀佛從舍衛國</p>
<p>住騰空而同來在于闐城住城人欽敬不可思議[其下像側] Huībōtuó Buddha soared through the air from Śrāvasti and came together to settle in the City of Khotan; the reverence of the inhabitants of the city was inconceivable [<em>below, the statue is slanted (?)</em>]</p>
<p>D-MG 76 (partly damaged; extant text identical)</p></td>
</tr>
<tr class="odd">
<td><em>Other buddhas</em></td>
<td></td>
<td></td>
<td></td>
</tr>
<tr class="even">
<td><p>迦葉佛</p>
<p>Kāśyapa Buddha (i.e., the Buddha prior to Śākyamuni)</p></td>
<td><p>舍衛國</p>
<p>Śrāvasti</p></td>
<td><p>于闐</p>
<p>Khotan</p></td>
<td><p>S.2113v36-37: 迦葉佛亦從舍衛國騰空而來于闐國人皆虔敬不可思議[其像亦把袈裟] Kāśyapa Buddha also soared through the air from Śrāvasti and came to Khotan; the reverence [to the statue] of the people was inconceivable [<em>this statue also holds a kāṣāya</em>]</p>
<p>P.3353r7-8: 迦葉佛亦從舍衛國騰空而來在于闐國住國人虔敬無不遂願 […<em>the inhabitants revered it and there was not one whose wishes were not fulfilled</em>]</p>
<p>S.5659r10-11: 迦葉佛從舍衛國騰空而來在于闐國住國人虔敬無不遂願</p>
<p>D-MG 231: right: 迦葉佛從舍衛騰空left:於固城住</p></td>
</tr>
<tr class="odd">
<td><p>結迦宋佛</p>
<p>Kāśyapa Buddha (?)</p></td>
<td><p>舍衛國</p>
<p>Śrāvasti</p></td>
<td><p>固城</p>
<p>“Old City” [of Khotan]</p></td>
<td><p>S.2113v21: 結迦宋佛亦舍衛國來在固城住[其像手捻袈裟] Kāśyapa Buddha (?) also came from Śrāvasti and settled in the Old City [<em>the hand of this statue holds the kāṣāya with its fingertips</em>]</p>
<p>D-MG 76 (caption partly damaged)</p>
<p>D-MG 231 (north)</p></td>
</tr>
<tr class="even">
<td><p>Vipaśyin Buddha</p>
<p>毗波尸佛</p></td>
<td><p>舍衛國</p>
<p>Śrāvasti</p></td>
<td><p>于闐國</p>
<p>Country of Khotan</p></td>
<td><p>P.3353r5: 毗婆尸佛[+從] 舍衛國</p>
<p>騰空而來在于闐國住有人欽仰不可思議 Vipaśyin Buddha soared through the air from Śrāvasti and settled in the Country of Khotan; there were people whose veneration was inconceivable</p>
<p>S.5659: 毗莎尸佛[+從] 舍衛國騰空而來在于闐國住有人欽仰不可思議</p>
<p>D-MG 231: (east)</p></td>
</tr>
<tr class="odd">
<td><p>伽儞迦牟尼佛</p>
<p>Jiānĭjiāmŏuní Buddha</p>
<p>(not identified Buddha)</p></td>
<td><p>舍衛國</p>
<p>Śrāvasti</p></td>
<td><p>固城</p>
<p>“Old City” [of Khotan]</p></td>
<td><p>S.2113v38-39: <del>迦葉佛</del> 伽儞迦牟尼佛從舍衛國騰空而來在固城住[其像手捻袈裟] (note that there is a strikethrough of the preceding迦葉佛Kāśyapa Buddha)</p>
<p>D-MG 76 (caption damaged)</p></td>
</tr>
<tr class="even">
<td><em>Protector deities</em></td>
<td></td>
<td></td>
<td></td>
</tr>
<tr class="odd">
<td></td>
<td></td>
<td></td>
<td>The standard phrase for all the protectors: “Deity X protects the country of Khotan.” The Sanskrit transcriptions of the names of the deities is based on Soymié 1984, 86. Protector deities and bodhisattvas are depicted in D-MG 9, 98, 152, 154</td>
</tr>
<tr class="even">
<td><p>迦迦那莎利神</p>
<p>Deity Gaganasvara</p></td>
<td></td>
<td></td>
<td>S.2113v48-49: 迦迦那莎利神守護于闐國</td>
</tr>
<tr class="odd">
<td><p>莎那末利神</p>
<p>Deity Suvarṇamāla</p></td>
<td></td>
<td></td>
<td>S.2113v49-50: 莎那末利神守護于闐國</td>
</tr>
<tr class="even">
<td><p>莎那摩利神</p>
<p>Deity Suvarṇamāla</p></td>
<td></td>
<td></td>
<td>S.2113v50: 莎那摩利神守護于闐國</td>
</tr>
<tr class="odd">
<td><p>阿隅闍天女</p>
<p>Heavenly Maiden Aṅkuśavatī</p></td>
<td></td>
<td></td>
<td>S.2113v50: 阿隅闍天女守護闐國</td>
</tr>
<tr class="even">
<td><p>毗沙天王神</p>
<p>Deity Vaiśravaṇa</p></td>
<td></td>
<td></td>
<td>S.2113v51: 毗沙天王神守護于闐國</td>
</tr>
<tr class="odd">
<td><p>阿婆羅質多神</p>
<p>Deity Apārajita</p></td>
<td></td>
<td></td>
<td><p>S.2113v51: 阿婆羅質多神守護于闐國</p>
<p>P.3352r2: 阿婆羅質多神護于闐國</p>
<p>S.5659r4: 阿婆羅質多神護于闐國</p></td>
</tr>
<tr class="even">
<td><p>摩訶迦羅神</p>
<p>Deity Mahākāla</p></td>
<td></td>
<td></td>
<td>S.2113v52: 摩訶迦羅神守護于闐國</td>
</tr>
<tr class="odd">
<td><p>悉他那天女</p>
<p>恭陀那天女</p>
<p>Heavenly Maiden Sthānavatī</p></td>
<td></td>
<td></td>
<td><p>S.2113v52: 悉他那天女護于闐國</p>
<p>S.5659r8: 恭陀那天女守護于闐國</p></td>
</tr>
<tr class="even">
<td><em>Protector Bodhisattvas</em></td>
<td></td>
<td></td>
<td></td>
</tr>
<tr class="odd">
<td></td>
<td></td>
<td></td>
<td>Same formula as in <em>Protector deities</em>.</td>
</tr>
<tr class="even">
<td><p>金剛藏菩薩</p>
<p>Vajragarbha Bodhisattva</p></td>
<td></td>
<td></td>
<td>S.5659r1: 金剛藏菩薩護于闐國</td>
</tr>
<tr class="odd">
<td><p>觀世音菩薩</p>
<p>Avalokiteśvara Bodhisattva</p></td>
<td></td>
<td></td>
<td>S.5659r14: 觀世音菩薩助于闐國</td>
</tr>
<tr class="even">
<td><p>寶壇花菩薩</p>
<p>Bǎotánhuā púsà</p></td>
<td></td>
<td></td>
<td><p>S.5659r14-15: 寶壇花菩薩助于闐國</p>
<p>(No reference to this Bodhisattva other than in a caption of D-MG 449)</p></td>
</tr>
<tr class="odd">
<td><em>“Narratives” mentioning Khotan</em></td>
<td></td>
<td></td>
<td></td>
</tr>
<tr class="even">
<td><p>于闐王河浴佛瑞像</p>
<p>The King of Khotan bathing Buddha’s Auspicious Statue in the river</p></td>
<td></td>
<td></td>
<td>S.2113v22-23: 于闐王河浴佛瑞像身丈餘杖錫持鉢畫形布(?)立[其像赤體立] The King of Khotan bathes the Auspicious Statue of the Buddha in the river; the body [of the statue] is more than [one] <em>zhàng</em> [in height; i.e. more than 3 meters]; he holds a monk’s staff and begging bowl; … (?) [<em>this statue is naked and stands upright</em>]</td>
</tr>
<tr class="odd">
<td><p>于闐國舍利弗毗沙門天王</p>
<p>Śāriputra and the Heavenly King Vaiśravaṇa of Khotan</p></td>
<td></td>
<td></td>
<td><p>P.3352r11-12: 于闐國舍利弗毗沙門天王決海時</p>
<p>The scene when Śāriputra and the Heavenly King Vaiśravaṇa of Khotan divide the ocean</p>
<p>D-MG 9, 237, 454</p>
<p>D-MG 231: right:于闐國舍利弗毗沙門天王決海時</p></td>
</tr>
</tbody>
</table>
</div>
</section>
<section id="beispiel-für-ein-bild" class="level1">
<h1>Beispiel für ein Bild</h1>

<p class="parnum"><a href="#p22">22</a></p>

<p id="p22">Der Ausstellungsraum ist in Abbildung <a href="#fig:img1">1</a> zu sehen.</p>
<div id="fig:img1" class="fignos">
<figure>
<img src="Image%201.tif" alt="" /><figcaption><span>Figure 1:</span> Insert Image 1 here</figcaption>
</figure>
</div>
</section>
<section id="bibliography" class="level1 unnumbered">
<h1 class="unnumbered">References</h1>
<div id="refs" class="references hanging-indent" role="doc-bibliography">
<div id="ref-beagle_digital_2014">
<p>Beagle, Donald. 2014. “Digital Humanities in the Research Commons: Precedents &amp; Prospects.” Text. <em>Dh+lib</em> (blog). January 30, 2014. <a href="https://acrl.ala.org/dh/2014/01/30/digital-humanities-in-the-research-commons-precedents-prospects-3/">https://acrl.ala.org/dh/2014/01/30/digital-humanities-in-the-research-commons-precedents-prospects-3/</a>.</p>
</div>
<div id="ref-berry_understanding_2012">
<p>Berry, David M. 2012. <em>Understanding Digital Humanities</em>. Basingstoke: Palgrave Macmillan. <a href="https://www.palgrave.com/de/book/9780230292642">https://www.palgrave.com/de/book/9780230292642</a>.</p>
</div>
<div id="ref-blume_burkhard_2016">
<p>Blume, Michael. 2016. “Burkhard Gladigow und die europäische Religionsgeschichte von der griechischen Antike bis zu den Protokollen der Weisen von Zion.” <em>Natur des Glaubens</em> (blog). June 17, 2016. <a href="https://scilogs.spektrum.de/natur-des-glaubens/burkhard-gladigow-religionsgeschichte-antike-protokollen/">https://scilogs.spektrum.de/natur-des-glaubens/burkhard-gladigow-religionsgeschichte-antike-protokollen/</a>.</p>
</div>
<div id="ref-burdick_digital_humanities_2012">
<p>Burdick, Anne, Johanna Drucker, Peter Lunenfeld, Todd Presner, and Jeffrey Schnapp. 2012. <em>Digital_Humanities</em>. MIT Press.</p>
</div>
<div id="ref-busa_annals_1980">
<p>Busa, R. 1980. “The Annals of Humanities Computing: The Index Thomisticus.” <em>Computers and the Humanities</em> 14 (2): 83–90. <a href="https://doi.org/10.1007/BF02403798">https://doi.org/10.1007/BF02403798</a>.</p>
</div>
<div id="ref-celentano_informatica_2004">
<p>Celentano, Augusto, Agostino Cortesi, and Paolo Mastandrea. 2004. “Informatica Umanistica: Una Disciplina Di Confine.” <em>Mondo Digitale</em> 4: 44–55.</p>
</div>
<div id="ref-classen_towards_2012">
<p>Classen, Christoph, Susanne Kinnebrock, and Maria Löblich. 2012. “Towards Web History: Sources, Methods, and Challenges in the Digital Age. An Introduction.” <em>Historical Social Research / Historische Sozialforschung</em> 37 (4 (142)): 97–101. <a href="https://www.jstor.org/stable/41756476">https://www.jstor.org/stable/41756476</a>.</p>
</div>
<div id="ref-gladigow_europaische_1995">
<p>Gladigow, Burkhard. 1995. “Europäische Religionsgeschichte.” In <em>Lokale Religionsgeschichte</em>, edited by G. Hans Kippenberg and Brigitte Luchesi, 21–42. Marburg: Diagonal.</p>
</div>
<div id="ref-isomae_religious_2014">
<p>Isomae, Jun’ichi. 2014. <em>Religious Discourse in Modern Japan: Religion, State, and Shintō</em>. Translated by Galen Amstutz and Lynne E. Riggs. London: Brill.</p>
</div>
<div id="ref-kippenberg_europaische_2009">
<p>Kippenberg, Hans G., Jörg Rüpke, and Kocku von Stuckrad, eds. 2009. <em>Europäische Religionsgeschichte: Ein Mehrfacher Pluralismus</em>. Göttingen: Vandenhoeck &amp; Ruprecht.</p>
</div>
<div id="ref-rudolph_leipzig_1962">
<p>Rudolph, Kurt. 1962. “Leipzig Und Die Religionswissenschaft.” <em>Numen</em> 9 (1): 53–68. <a href="https://doi.org/10.2307/3269414">https://doi.org/10.2307/3269414</a>.</p>
</div>
<div id="ref-schalk_religion_2013">
<p>Schalk, Peter, ed. 2013. <em>Religion in Asien? Studien Zur Anwendbarkeit Des Religionsbegriffs</em>. Acta Universitatis Upsaliensis, Historia Religionum 32. Uppsala: Uppsala Universitet.</p>
</div>
<div id="ref-seiwert_popular_2003">
<p>Seiwert, Hubert. 2003. <em>Popular Religious Movements and Heterodox Sects in Chinese History</em>. Leiden/Boston: Brill.</p>
</div>
<div id="ref-waardenburg_islam:_2002">
<p>Waardenburg, Jean Jacques. 2002. <em>Islam: Historical, Social, and Political Perspectives</em>. Religion and Reason 40. Berlin: de Gruyter.</p>
</div>
<div id="ref-waardenburg_muslims_2007">
<p>———. 2007. <em>Muslims as Actors: Islamic Meanings and Muslim Interpretations in the Perspective of the Study of Religions</em>. Religion and Reason 46. Berlin: de Gruyter.</p>
</div>
<div id="ref-weber_gesammelte_1988">
<p>Weber, Max. (1922) 1988. <em>Gesammelte Aufsätze Zur Religionssoziologie</em>. 9th ed. Vol. 2. Tübingen: Mohr.</p>
</div>
</div>
</section>
</article>
</body>
</html>
